
> web@0.1.0 build
> next build

node.exe : ΓÜá 
Warning: Next.js 
inferred your 
workspace root, but 
it may not be correct.
At line:1 char:1
+ & "C:\Program Files\
nodejs/node.exe" "C:\U
sers\Dell\AppData\Roam
ing\n ...
+ ~~~~~~~~~~~~~~~~~~~~
~~~~~~~~~~~~~~~~~~~~~~
~~~~~~~~~~~~~~~~~~~~~~
~~~~~
    + CategoryInfo    
          : NotSpeci  
  fied: (ΓÜá Warnin   
 g: Ne...not be co    
rrect.:String) []    
, RemoteException
    + FullyQualifiedE 
   rrorId : NativeCo  
  mmandError
 
 We detected multiple 
lockfiles and 
selected the 
directory of C:\Users\
Dell\package-lock.json
 as the root 
directory.
 To silence this 
warning, set 
`turbopack.root` in 
your Next.js config, 
or consider removing 
one of the lockfiles 
if it's not needed.
   See https://nextjs.
org/docs/app/api-refer
ence/config/next-confi
g-js/turbopack#root-di
rectory for more 
information.
 Detected additional 
lockfiles: 
   * C:\Users\Dell\Des
ktop\web\package-lock.
json

Γû▓ Next.js 16.1.1 (Turbopack)
- Environments: .env

ΓÜá The "middleware" 
file convention is 
deprecated. Please 
use "proxy" instead. 
Learn more: https://ne
xtjs.org/docs/messages
/middleware-to-proxy
  Creating an optimized production build ...
Γ£ô Compiled successfully in 21.3s
  Running TypeScript ...
  Collecting page data using 3 workers ...
  Generating static pages using 3 workers (0/44) ...
  Generating static pages using 3 workers (11/44) 
  Generating static pages using 3 workers (22/44) 
  Generating static pages using 3 workers (33/44) 
Γ£ô Generating static pages using 3 workers (44/44) in 2.4s
  Finalizing page optimization ...

Route (app)                           Revalidate  Expire
Γöî Γùï /                                         1m      1y
Γö£ Γùï /_not-found
Γö£ ╞Æ /admin-menu
Γö£ ╞Æ /api/auth/[...nextauth]
Γö£ ╞Æ /api/auth/forgot-password
Γö£ ╞Æ /api/auth/reset-password
Γö£ ╞Æ /api/backup/export
Γö£ ╞Æ /api/categories
Γö£ ╞Æ /api/categories/[id]
Γö£ ╞Æ /api/contact
Γö£ ╞Æ /api/customer/events/[id]/photos
Γö£ ╞Æ /api/customers
Γö£ ╞Æ /api/customers/[id]
Γö£ ╞Æ /api/dashboard/stats
Γö£ ╞Æ /api/events
Γö£ ╞Æ /api/events/[id]
Γö£ ╞Æ /api/events/[id]/images
Γö£ ╞Æ /api/events/[id]/staff
Γö£ ╞Æ /api/events/check-availability
Γö£ ╞Æ /api/highlights
Γö£ ╞Æ /api/highlights/[id]
Γö£ ╞Æ /api/inquiries/[id]
Γö£ ╞Æ /api/menu
Γö£ ╞Æ /api/packages
Γö£ ╞Æ /api/packages/[id]
Γö£ ╞Æ /api/public/inquiry
Γö£ ╞Æ /api/register
Γö£ ╞Æ /api/settings
Γö£ ╞Æ /api/settings/password
Γö£ ╞Æ /api/settings/profile
Γö£ ╞Æ /api/staff
Γö£ ╞Æ /api/staff/[id]
Γö£ ╞Æ /api/testimonials
Γö£ ╞Æ /api/testimonials/[id]
Γö£ ╞Æ /api/upload
Γö£ ╞Æ /api/user/events
Γö£ Γùï /backup
Γö£ Γùï /calendar
Γö£ Γùï /contact                                  1m      1y
Γö£ ╞Æ /create-menu
Γö£ Γùï /customers
Γö£ Γùï /dashboard
Γö£ Γùï /events
Γö£ Γùï /forgot-password
Γö£ Γùï /gallery                                  1m      1y
Γö£ Γùï /highlights
Γö£ Γùï /icon.png
Γö£ Γùï /inquiries
Γö£ Γùï /login
Γö£ Γùï /menu                                     1m      1y
Γö£ Γùï /menu-builder
Γö£ Γùï /my-events
Γö£ ╞Æ /my-events/[id]/photos
Γö£ Γùï /my-events/profile
Γö£ Γùï /packages
Γö£ ╞Æ /plan-menu
Γö£ Γùï /register
Γö£ Γùï /settings
Γöö Γùï /staff


╞Æ Proxy (Middleware)

Γùï  (Static)   prerendered as static content
╞Æ  (Dynamic)  server-rendered on demand

