components/admin/EventDialog.tsx(303,36): error TS2304: Cannot find name 'initialData'.
components/admin/EventDialog.tsx(328,41): error TS2304: Cannot find name 'initialData'.
components/admin/EventDialog.tsx(358,42): error TS2304: Cannot find name 'initialData'.
components/admin/EventDialog.tsx(416,51): error TS2304: Cannot find name 'initialData'.
components/admin/MenuManager.tsx(266,11): error TS2322: Type 'MenuItem | null' is not assignable to type '(Partial<{ name: string; price: number; categoryId: string; available: boolean; description?: string | undefined; image?: string | undefined; }> & { id?: string | undefined; }) | undefined'.
  Type 'null' is not assignable to type '(Partial<{ name: string; price: number; categoryId: string; available: boolean; description?: string | undefined; image?: string | undefined; }> & { id?: string | undefined; }) | undefined'.
